../Core/Src/main.c:89:5:main	56	static
../Core/Src/main.c:157:6:SystemClock_Config	88	static
../Core/Src/main.c:204:13:MX_TIM2_Init	32	static
../Core/Src/main.c:251:13:MX_TIM3_Init	48	static
../Core/Src/main.c:305:13:MX_TIM4_Init	56	static
../Core/Src/main.c:354:13:MX_USART2_UART_Init	8	static
../Core/Src/main.c:387:13:MX_GPIO_Init	48	static
../Core/Src/main.c:421:6:HAL_TIM_PeriodElapsedCallback	24	static
../Core/Src/main.c:500:6:HAL_UART_RxCpltCallback	16	static
../Core/Src/main.c:532:6:Error_Handler	4	static,ignoring_inline_asm
