../Core/Src/main.c:89:5:main	56	static
../Core/Src/main.c:148:6:SystemClock_Config	88	static
../Core/Src/main.c:195:13:MX_TIM2_Init	32	static
../Core/Src/main.c:242:13:MX_TIM3_Init	48	static
../Core/Src/main.c:296:13:MX_TIM4_Init	56	static
../Core/Src/main.c:345:13:MX_USART2_UART_Init	8	static
../Core/Src/main.c:378:13:MX_GPIO_Init	48	static
../Core/Src/main.c:412:6:HAL_TIM_PeriodElapsedCallback	24	static
../Core/Src/main.c:484:6:HAL_UART_RxCpltCallback	16	static
../Core/Src/main.c:501:6:Error_Handler	4	static,ignoring_inline_asm
