14:55:58 **** Incremental Build of configuration Debug for project UART_Communication ****
make -j4 all 
arm-none-eabi-gcc "../Core/Src/main.c" -mcpu=cortex-m4 -std=gnu11 -g3 -DDEBUG -DUSE_HAL_DRIVER -DSTM32F401xE -c -I../Core/Inc -I../Drivers/STM32F4xx_HAL_Driver/Inc -I../Drivers/STM32F4xx_HAL_Driver/Inc/Legacy -I../Drivers/CMSIS/Device/ST/STM32F4xx/Include -I../Drivers/CMSIS/Include -O0 -ffunction-sections -fdata-sections -Wall -fstack-usage -fcyclomatic-complexity -MMD -MP -MF"Core/Src/main.d" -MT"Core/Src/main.o" --specs=nano.specs -mfpu=fpv4-sp-d16 -mfloat-abi=hard -mthumb -o "Core/Src/main.o"
arm-none-eabi-gcc -o "UART_Communication.elf" @"objects.list"   -mcpu=cortex-m4 -T"D:\ECE_Projects\SurvBot\Testing\UART_Communication\STM32F401RETX_FLASH.ld" --specs=nosys.specs -Wl,-Map="UART_Communication.map" -Wl,--gc-sections -static --specs=nano.specs -mfpu=fpv4-sp-d16 -mfloat-abi=hard -mthumb -Wl,--start-group -lc -lm -Wl,--end-group
Finished building target: UART_Communication.elf
 
arm-none-eabi-size  UART_Communication.elf 
arm-none-eabi-objdump -h -S UART_Communication.elf  > "UART_Communication.list"
   text	   data	    bss	    dec	    hex	filename
   8424	     44	   1644	  10112	   2780	UART_Communication.elf
Finished building: default.size.stdout
 
Finished building: UART_Communication.list
 
14:56:00 **** Incremental Build of configuration Debug for project UART_Communication ****
make -j4 all 
arm-none-eabi-size  UART_Communication.elf 
   text	   data	    bss	    dec	    hex	filename
   8424	     44	   1644	  10112	   2780	UART_Communication.elf
Finished building: default.size.stdout
 
