16:52:39 **** Incremental Build of configuration Debug for project UART_Communication ****
make -j4 all 
arm-none-eabi-gcc "../Core/Src/main.c" -mcpu=cortex-m4 -std=gnu11 -g3 -DDEBUG -DUSE_HAL_DRIVER -DSTM32F401xE -c -I../Core/Inc -I../Drivers/STM32F4xx_HAL_Driver/Inc -I../Drivers/STM32F4xx_HAL_Driver/Inc/Legacy -I../Drivers/CMSIS/Device/ST/STM32F4xx/Include -I../Drivers/CMSIS/Include -O0 -ffunction-sections -fdata-sections -Wall -fstack-usage -fcyclomatic-complexity -MMD -MP -MF"Core/Src/main.d" -MT"Core/Src/main.o" --specs=nano.specs -mfpu=fpv4-sp-d16 -mfloat-abi=hard -mthumb -o "Core/Src/main.o"
../Core/Src/main.c: In function 'main':
../Core/Src/main.c:136:17: warning: implicit declaration of function 'sprintf' [-Wimplicit-function-declaration]
  136 |                 sprintf(MSG, "The receive command is %d ", command);
      |                 ^~~~~~~
../Core/Src/main.c:21:1: note: include '<stdio.h>' or provide a declaration of 'sprintf'
   20 | #include "main.h"
  +++ |+#include <stdio.h>
   21 | 
../Core/Src/main.c:136:17: warning: incompatible implicit declaration of built-in function 'sprintf' [-Wbuiltin-declaration-mismatch]
  136 |                 sprintf(MSG, "The receive command is %d ", command);
      |                 ^~~~~~~
../Core/Src/main.c:136:17: note: include '<stdio.h>' or provide a declaration of 'sprintf'
../Core/Src/main.c:136:25: warning: pointer targets in passing argument 1 of 'sprintf' differ in signedness [-Wpointer-sign]
  136 |                 sprintf(MSG, "The receive command is %d ", command);
      |                         ^~~
      |                         |
      |                         uint8_t * {aka unsigned char *}
../Core/Src/main.c:136:25: note: expected 'char *' but argument is of type 'uint8_t *' {aka 'unsigned char *'}
arm-none-eabi-gcc -o "UART_Communication.elf" @"objects.list"   -mcpu=cortex-m4 -T"D:\ECE_Projects\SurvBot\Testing\UART_Communication\STM32F401RETX_FLASH.ld" --specs=nosys.specs -Wl,-Map="UART_Communication.map" -Wl,--gc-sections -static --specs=nano.specs -mfpu=fpv4-sp-d16 -mfloat-abi=hard -mthumb -Wl,--start-group -lc -lm -Wl,--end-group
Finished building target: UART_Communication.elf
 
arm-none-eabi-size  UART_Communication.elf 
arm-none-eabi-objdump -h -S UART_Communication.elf  > "UART_Communication.list"
   text	   data	    bss	    dec	    hex	filename
  11668	    128	   2000	  13796	   35e4	UART_Communication.elf
Finished building: default.size.stdout
 
Finished building: UART_Communication.list
 
16:53:02 **** Incremental Build of configuration Debug for project UART_Communication ****
make -j4 all 
arm-none-eabi-gcc "../Core/Src/main.c" -mcpu=cortex-m4 -std=gnu11 -g3 -DDEBUG -DUSE_HAL_DRIVER -DSTM32F401xE -c -I../Core/Inc -I../Drivers/STM32F4xx_HAL_Driver/Inc -I../Drivers/STM32F4xx_HAL_Driver/Inc/Legacy -I../Drivers/CMSIS/Device/ST/STM32F4xx/Include -I../Drivers/CMSIS/Include -O0 -ffunction-sections -fdata-sections -Wall -fstack-usage -fcyclomatic-complexity -MMD -MP -MF"Core/Src/main.d" -MT"Core/Src/main.o" --specs=nano.specs -mfpu=fpv4-sp-d16 -mfloat-abi=hard -mthumb -o "Core/Src/main.o"
../Core/Src/main.c: In function 'main':
../Core/Src/main.c:136:17: warning: implicit declaration of function 'sprintf' [-Wimplicit-function-declaration]
  136 |                 sprintf(MSG, "The receive command is %d ", command);
      |                 ^~~~~~~
../Core/Src/main.c:21:1: note: include '<stdio.h>' or provide a declaration of 'sprintf'
   20 | #include "main.h"
  +++ |+#include <stdio.h>
   21 | 
../Core/Src/main.c:136:17: warning: incompatible implicit declaration of built-in function 'sprintf' [-Wbuiltin-declaration-mismatch]
  136 |                 sprintf(MSG, "The receive command is %d ", command);
      |                 ^~~~~~~
../Core/Src/main.c:136:17: note: include '<stdio.h>' or provide a declaration of 'sprintf'
../Core/Src/main.c:136:25: warning: pointer targets in passing argument 1 of 'sprintf' differ in signedness [-Wpointer-sign]
  136 |                 sprintf(MSG, "The receive command is %d ", command);
      |                         ^~~
      |                         |
      |                         uint8_t * {aka unsigned char *}
../Core/Src/main.c:136:25: note: expected 'char *' but argument is of type 'uint8_t *' {aka 'unsigned char *'}
arm-none-eabi-gcc -o "UART_Communication.elf" @"objects.list"   -mcpu=cortex-m4 -T"D:\ECE_Projects\SurvBot\Testing\UART_Communication\STM32F401RETX_FLASH.ld" --specs=nosys.specs -Wl,-Map="UART_Communication.map" -Wl,--gc-sections -static --specs=nano.specs -mfpu=fpv4-sp-d16 -mfloat-abi=hard -mthumb -Wl,--start-group -lc -lm -Wl,--end-group
Finished building target: UART_Communication.elf
 
arm-none-eabi-size  UART_Communication.elf 
arm-none-eabi-objdump -h -S UART_Communication.elf  > "UART_Communication.list"
   text	   data	    bss	    dec	    hex	filename
  11668	    128	   2000	  13796	   35e4	UART_Communication.elf
Finished building: default.size.stdout
 
Finished building: UART_Communication.list
 
16:54:18 **** Incremental Build of configuration Debug for project UART_Communication ****
make -j4 all 
arm-none-eabi-gcc "../Core/Src/main.c" -mcpu=cortex-m4 -std=gnu11 -g3 -DDEBUG -DUSE_HAL_DRIVER -DSTM32F401xE -c -I../Core/Inc -I../Drivers/STM32F4xx_HAL_Driver/Inc -I../Drivers/STM32F4xx_HAL_Driver/Inc/Legacy -I../Drivers/CMSIS/Device/ST/STM32F4xx/Include -I../Drivers/CMSIS/Include -O0 -ffunction-sections -fdata-sections -Wall -fstack-usage -fcyclomatic-complexity -MMD -MP -MF"Core/Src/main.d" -MT"Core/Src/main.o" --specs=nano.specs -mfpu=fpv4-sp-d16 -mfloat-abi=hard -mthumb -o "Core/Src/main.o"
../Core/Src/main.c: In function 'main':
../Core/Src/main.c:136:17: warning: implicit declaration of function 'sprintf' [-Wimplicit-function-declaration]
  136 |                 sprintf(MSG, "The receive command is %d ", command);
      |                 ^~~~~~~
../Core/Src/main.c:21:1: note: include '<stdio.h>' or provide a declaration of 'sprintf'
   20 | #include "main.h"
  +++ |+#include <stdio.h>
   21 | 
../Core/Src/main.c:136:17: warning: incompatible implicit declaration of built-in function 'sprintf' [-Wbuiltin-declaration-mismatch]
  136 |                 sprintf(MSG, "The receive command is %d ", command);
      |                 ^~~~~~~
../Core/Src/main.c:136:17: note: include '<stdio.h>' or provide a declaration of 'sprintf'
../Core/Src/main.c:136:25: warning: pointer targets in passing argument 1 of 'sprintf' differ in signedness [-Wpointer-sign]
  136 |                 sprintf(MSG, "The receive command is %d ", command);
      |                         ^~~
      |                         |
      |                         uint8_t * {aka unsigned char *}
../Core/Src/main.c:136:25: note: expected 'char *' but argument is of type 'uint8_t *' {aka 'unsigned char *'}
arm-none-eabi-gcc -o "UART_Communication.elf" @"objects.list"   -mcpu=cortex-m4 -T"D:\ECE_Projects\SurvBot\Testing\UART_Communication\STM32F401RETX_FLASH.ld" --specs=nosys.specs -Wl,-Map="UART_Communication.map" -Wl,--gc-sections -static --specs=nano.specs -mfpu=fpv4-sp-d16 -mfloat-abi=hard -mthumb -Wl,--start-group -lc -lm -Wl,--end-group
Finished building target: UART_Communication.elf
 
arm-none-eabi-size  UART_Communication.elf 
arm-none-eabi-objdump -h -S UART_Communication.elf  > "UART_Communication.list"
   text	   data	    bss	    dec	    hex	filename
  11668	    128	   2000	  13796	   35e4	UART_Communication.elf
Finished building: default.size.stdout
 
Finished building: UART_Communication.list
 
