19:37:39 **** Incremental Build of configuration Debug for project Motor_Control ****
make -j4 all 
arm-none-eabi-gcc "../Core/Src/main.c" -mcpu=cortex-m4 -std=gnu11 -g3 -DDEBUG -DUSE_HAL_DRIVER -DSTM32F401xE -c -I../Core/Inc -I../Drivers/STM32F4xx_HAL_Driver/Inc -I../Drivers/STM32F4xx_HAL_Driver/Inc/Legacy -I../Drivers/CMSIS/Device/ST/STM32F4xx/Include -I../Drivers/CMSIS/Include -O0 -ffunction-sections -fdata-sections -Wall -fstack-usage -fcyclomatic-complexity -MMD -MP -MF"Core/Src/main.d" -MT"Core/Src/main.o" --specs=nano.specs -mfpu=fpv4-sp-d16 -mfloat-abi=hard -mthumb -o "Core/Src/main.o"
arm-none-eabi-g++ -o "Motor_Control.elf" @"objects.list"   -mcpu=cortex-m4 -T"D:\ECE_Projects\SurvBot\Testing\Motor_Control\STM32F401RETX_FLASH.ld" --specs=nosys.specs -Wl,-Map="Motor_Control.map" -Wl,--gc-sections -static --specs=nano.specs -mfpu=fpv4-sp-d16 -mfloat-abi=hard -mthumb -Wl,--start-group -lc -lm -lstdc++ -lsupc++ -Wl,--end-group
Finished building target: Motor_Control.elf
 
arm-none-eabi-size  Motor_Control.elf 
arm-none-eabi-objdump -h -S Motor_Control.elf  > "Motor_Control.list"
   text	   data	    bss	    dec	    hex	filename
  10844	     12	   1788	  12644	   3164	Motor_Control.elf
Finished building: default.size.stdout
 
Finished building: Motor_Control.list
 
19:37:51 **** Incremental Build of configuration Debug for project Motor_Control ****
make -j4 all 
arm-none-eabi-size  Motor_Control.elf 
   text	   data	    bss	    dec	    hex	filename
  10844	     12	   1788	  12644	   3164	Motor_Control.elf
Finished building: default.size.stdout
 
